-- Automatically generated by SQLQueryTestSuite
-- Number of queries: 7


-- !query 0
select from_csv('1, 3.14', 'a INT, f FLOAT')
-- !query 0 schema
struct<from_csv(1, 3.14):struct<a:int,f:float>>
-- !query 0 output
{"a":1,"f":3.14}


-- !query 1
select from_csv('26/08/2015', 'time Timestamp', map('timestampFormat', 'dd/MM/yyyy'))
-- !query 1 schema
struct<from_csv(26/08/2015):struct<time:timestamp>>
-- !query 1 output
{"time":2015-08-26 00:00:00.0}


-- !query 2
select from_csv('1', 1)
-- !query 2 schema
struct<>
-- !query 2 output
org.apache.spark.sql.AnalysisException
Schema should be specified in DDL format as a string literal instead of 1;; line 1 pos 7


-- !query 3
select from_csv('1', 'a InvalidType')
-- !query 3 schema
struct<>
-- !query 3 output
org.apache.spark.sql.AnalysisException

DataType invalidtype is not supported.(line 1, pos 2)

== SQL ==
a InvalidType
--^^^
; line 1 pos 7


-- !query 4
select from_csv('1', 'a INT', named_struct('mode', 'PERMISSIVE'))
-- !query 4 schema
struct<>
-- !query 4 output
org.apache.spark.sql.AnalysisException
Must use a map() function for options;; line 1 pos 7


-- !query 5
select from_csv('1', 'a INT', map('mode', 1))
-- !query 5 schema
struct<>
-- !query 5 output
org.apache.spark.sql.AnalysisException
A type of keys and values in map() must be string, but got map<string,int>;; line 1 pos 7


-- !query 6
select from_csv()
-- !query 6 schema
struct<>
-- !query 6 output
org.apache.spark.sql.AnalysisException
Invalid number of arguments for function from_csv. Expected: one of 2 and 3; Found: 0; line 1 pos 7
